✔ sub embedded manifest contains identical cached and data-URI scripts (1.970953ms)
✔ sub packaged script executes and exposes every required function (1.879847ms)
✔ dub embedded manifest contains identical cached and data-URI scripts (1.42113ms)
✔ dub packaged script executes and exposes every required function (1.466137ms)
✔ exports the four ShiroX module entry points without browser or Node globals (3.386805ms)
✔ empty search performs no HTTP request (0.78058ms)
✔ search encodes user text and returns correct ShiroX fields (3.011363ms)
✔ search filters unavailable language and deduplicates source identifiers (2.111895ms)
✔ unknown audio count is not incorrectly treated as zero (1.188461ms)
✔ search schema changes fail explicitly instead of silently returning no titles (1.452597ms)
✔ HTTP 403 surfaces source verification guidance (1.543894ms)
✔ HTTP 429 surfaces rate-limit guidance (0.885918ms)
✔ HTML in a successful API response is not misparsed as an empty result (0.848892ms)
✔ details strip HTML, preserve line breaks, expose aliases and partial-safe dates (2.857182ms)
✔ detail cache avoids refetching fresh metadata (1.026107ms)
✔ episode list preserves numeric numbers, sorts and deduplicates (1.612557ms)
✔ dub module caps episodes using the reported dub count (1.248691ms)
✔ episode catalog remains usable when optional details are unavailable (0.913549ms)
✔ unexpected additional episode pages fail explicitly (0.836403ms)
✔ key parsing supports sub/dub and fractional episode numbers (0.725427ms)
✔ source keys reject cross-site URLs and invalid identifiers (0.803243ms)
✔ media URLs reject private destinations and executable schemes (0.696614ms)
✔ restricted parser reads safe object-literal subtitles, escapes and trailing commas (1.163854ms)
✔ restricted parser never executes expressions or changes object prototypes (0.788992ms)
✔ subtitle extraction reads metadata and HTML track tags without adding thumbnails (1.919307ms)
✔ candidate filtering keeps signed URLs intact and excludes ads, token APIs and blob URLs (1.102322ms)
✔ complete mocked search-to-playback flow yields ShiroX stream and subtitle schema (3.307386ms)
✔ dub playback uses the dub server instead of silently falling back to sub (2.466096ms)
✔ secondary server endpoint can recover when primary endpoint fails (1.523172ms)
✔ resolver falls back to another eligible server after empty capture (1.351886ms)
✔ soft-sub audio labels remain eligible (1.132417ms)
✔ missing audio servers fail rather than selecting another language (1.061351ms)
✔ invalid video response cannot be returned as a successful stream (1.06778ms)
✔ verified alternate referer is returned with the stream (1.025156ms)
✔ direct MP4 validation uses HEAD, never downloads the whole video as text (0.891876ms)
✔ subtitle-only HLS manifests are not accepted as video (0.879648ms)
✔ missing runtime player capture gives an actionable error (0.910715ms)
✔ missing HTTP bridge gives an actionable error (0.809113ms)
✔ stream lookup rejects a series link with no episode number (0.717386ms)
✔ pure parser works with no setTimeout or browser APIs (1.672066ms)
✔ module logs never contain signed media or subtitle URLs (1.051616ms)
✔ saved episode audio is preserved and labeled correctly after switching modules (1.012718ms)
✔ player failures emit visible error diagnostics without signed URLs (0.972747ms)
✔ host player options preserve its parameters and await the rendered video (1.051556ms)
ℹ tests 44
ℹ suites 0
ℹ pass 44
ℹ fail 0
ℹ cancelled 0
ℹ skipped 0
ℹ todo 0
ℹ duration_ms 143.705031
